// Jest Snapshot v1, https://goo.gl/fbAQLP

exports[`[COMPONENT] NoTest renders correctly 1`] = `
<div>
  <div
    class="container"
  >
    <p>
      NoTest
    </p>
  </div>
</div>
`;
