// Jest Snapshot v1, https://goo.gl/fbAQLP

exports[`[COMPONENT] GreenSquare renders correctly 1`] = `
<div>
  <div
    class="container"
  >
    <p>
      GreenSquare1
    </p>
  </div>
</div>
`;
